2018-04-13 07:44:02 Info: job Delete, id 18 (pid 10426)
2018-04-13 10:56:04 Info: job Delete, id 19 (pid 18196)
2018-04-13 10:56:52 Info: job Delete, id 19 (pid 18239)
2018-04-13 11:04:09 Info: job Delete, id 20 (pid 18736)
2018-04-16 08:20:43 Info: job Notification, id 21 (pid 13605)
2018-04-16 08:21:35 Info: job Notification, id 22 (pid 13605)
2018-04-16 08:23:31 Info: job Notification, id 23 (pid 13767)
2018-04-16 08:36:43 Info: job Notification, id 26 (pid 14607)
2018-04-16 08:36:45 Info: job Notification, id 27 (pid 14607)
2018-04-16 08:36:47 Info: job Notification, id 28 (pid 14607)
2018-04-16 08:36:48 Info: job Notification, id 28 failed and requeued (pid 14607)
2018-04-16 08:37:08 Info: job Notification, id 28 (pid 14607)
2018-04-16 08:37:09 Info: job Notification, id 28 failed and aborted (pid 14607)
2018-04-16 09:41:20 Info: job MuteUnmute, id 33 (pid 17766)
2018-04-16 09:41:20 Info: job MuteUnmute, id 34 (pid 17766)
2018-04-16 09:41:20 Info: job Notification, id 35 (pid 17766)
2018-04-16 09:41:22 Info: job MuteUnmute, id 36 (pid 17766)
2018-04-18 13:21:35 Info: job MuteUnmute, id 37 (pid 17795)
2018-04-18 13:21:36 Info: job MuteUnmute, id 38 (pid 17795)
2018-04-18 13:21:37 Info: job MuteUnmute, id 39 (pid 17795)
2018-04-18 13:21:38 Info: job MuteUnmute, id 40 (pid 17795)
2018-04-18 13:21:39 Info: job Notification, id 41 (pid 17795)
2018-04-18 13:21:42 Info: job MuteUnmute, id 42 (pid 17795)
2018-04-18 13:21:43 Info: job MuteUnmute, id 43 (pid 17795)
2018-04-18 13:21:43 Info: job MuteUnmute, id 44 (pid 17795)
2018-04-18 13:21:43 Info: job MuteUnmute, id 45 (pid 17795)
2018-04-18 13:21:43 Info: job MuteUnmute, id 46 (pid 17795)
2018-04-18 13:21:43 Info: job MuteUnmute, id 47 (pid 17795)
2018-04-18 13:21:43 Info: job Notification, id 48 (pid 17795)
2018-04-18 13:21:45 Info: job MuteUnmute, id 49 (pid 17795)
2018-04-18 13:21:45 Info: job MuteUnmute, id 50 (pid 17795)
2018-04-18 13:21:45 Info: job MuteUnmute, id 51 (pid 17795)
2018-04-18 13:21:45 Info: job MuteUnmute, id 52 (pid 17795)
2018-04-18 13:21:46 Info: job MuteUnmute, id 53 (pid 17795)
2018-04-18 13:21:46 Info: job MuteUnmute, id 54 (pid 17795)
2018-04-18 13:21:46 Info: job MuteUnmute, id 55 (pid 17795)
2018-04-18 13:21:46 Info: job MuteUnmute, id 56 (pid 17795)
2018-04-18 13:21:46 Info: job MuteUnmute, id 57 (pid 17795)
2018-04-18 13:21:46 Info: job MuteUnmute, id 58 (pid 17795)
2018-04-18 13:21:46 Info: job MuteUnmute, id 59 (pid 17795)
2018-04-18 13:21:47 Info: job MuteUnmute, id 60 (pid 17795)
2018-04-18 13:21:47 Info: job MuteUnmute, id 61 (pid 17795)
2018-04-18 13:21:47 Info: job MuteUnmute, id 62 (pid 17795)
2018-04-18 13:21:47 Info: job Notification, id 63 (pid 17795)
2018-04-18 13:21:49 Info: job MuteUnmute, id 64 (pid 17795)
2018-04-18 13:21:49 Info: job MuteUnmute, id 65 (pid 17795)
2018-04-18 13:21:49 Info: job Notification, id 66 (pid 17795)
2018-04-18 13:21:51 Info: job Notification, id 67 (pid 17795)
2018-04-18 13:21:53 Info: job MuteUnmute, id 68 (pid 17795)
2018-04-18 13:21:53 Info: job MuteUnmute, id 69 (pid 17795)
2018-04-18 13:21:53 Info: job MuteUnmute, id 70 (pid 17795)
2018-04-18 13:21:53 Info: job MuteUnmute, id 71 (pid 17795)
2018-04-18 13:21:54 Info: job Notification, id 72 (pid 17795)
2018-04-18 13:21:56 Info: job MuteUnmute, id 73 (pid 17795)
2018-04-18 13:21:56 Info: job MuteUnmute, id 74 (pid 17795)
2018-04-18 13:21:56 Info: job MuteUnmute, id 75 (pid 17795)
2018-04-18 13:21:56 Info: job MuteUnmute, id 76 (pid 17795)
2018-04-18 13:21:56 Info: job MuteUnmute, id 77 (pid 17795)
2018-04-18 13:21:56 Info: job MuteUnmute, id 78 (pid 17795)
2018-04-18 13:21:56 Info: job MuteUnmute, id 79 (pid 17795)
2018-04-18 13:21:56 Info: job MuteUnmute, id 80 (pid 17795)
2018-04-18 13:21:56 Info: job MuteUnmute, id 81 (pid 17795)
2018-04-18 13:21:56 Info: job MuteUnmute, id 82 (pid 17795)
2018-04-18 13:23:17 Info: job MuteUnmute, id 83 (pid 17795)
2018-04-18 13:23:17 Info: job MuteUnmute, id 84 (pid 17795)
2018-04-18 13:23:17 Info: job Notification, id 85 (pid 17795)
2018-04-18 13:23:19 Info: job MuteUnmute, id 86 (pid 17795)
2018-04-18 13:37:17 Info: job MuteUnmute, id 87 (pid 18870)
2018-04-18 13:37:17 Info: job MuteUnmute, id 88 (pid 18870)
2018-04-18 13:37:17 Info: job Notification, id 89 (pid 18870)
2018-04-18 13:37:19 Info: job MuteUnmute, id 90 (pid 18870)
2018-04-18 14:07:53 Info: job MuteUnmute, id 91 (pid 20529)
2018-04-18 14:07:53 Info: job MuteUnmute, id 92 (pid 20529)
2018-04-18 14:07:53 Info: job Notification, id 93 (pid 20529)
2018-04-18 14:07:55 Info: job MuteUnmute, id 94 (pid 20529)
2018-04-18 14:21:58 Info: job MuteUnmute, id 95 (pid 21391)
2018-04-18 14:21:59 Info: job MuteUnmute, id 96 (pid 21391)
2018-04-18 14:21:59 Info: job Notification, id 97 (pid 21391)
2018-04-18 14:22:01 Info: job MuteUnmute, id 98 (pid 21391)
2018-04-18 14:22:51 Info: job MuteUnmute, id 99 (pid 21391)
2018-04-18 14:22:51 Info: job MuteUnmute, id 100 (pid 21391)
2018-04-18 14:22:51 Info: job Notification, id 101 (pid 21391)
2018-04-18 14:22:53 Info: job MuteUnmute, id 102 (pid 21391)
2018-04-18 14:27:03 Info: job MuteUnmute, id 103 (pid 21810)
2018-04-18 14:27:03 Info: job MuteUnmute, id 104 (pid 21810)
2018-04-18 14:27:03 Info: job Notification, id 105 (pid 21810)
2018-04-18 14:27:05 Info: job MuteUnmute, id 106 (pid 21810)
2018-04-18 14:34:45 Info: job MuteUnmute, id 107 (pid 22428)
2018-04-18 14:34:45 Info: job MuteUnmute, id 108 (pid 22428)
2018-04-18 14:34:45 Info: job MuteUnmute, id 109 (pid 22428)
2018-04-18 14:34:45 Info: job MuteUnmute, id 110 (pid 22428)
2018-04-18 14:34:45 Info: job MuteUnmute, id 111 (pid 22428)
2018-04-18 14:34:45 Info: job MuteUnmute, id 112 (pid 22428)
2018-04-18 14:34:45 Info: job Notification, id 113 (pid 22428)
2018-04-18 14:34:47 Info: job MuteUnmute, id 114 (pid 22428)
2018-04-18 14:34:57 Info: job MuteUnmute, id 115 (pid 22428)
2018-04-18 14:34:58 Info: job MuteUnmute, id 116 (pid 22428)
2018-04-18 14:34:58 Info: job MuteUnmute, id 117 (pid 22428)
2018-04-18 14:34:58 Info: job MuteUnmute, id 118 (pid 22428)
2018-04-18 14:34:58 Info: job MuteUnmute, id 119 (pid 22428)
2018-04-18 14:34:58 Info: job MuteUnmute, id 120 (pid 22428)
2018-04-18 14:34:58 Info: job Notification, id 121 (pid 22428)
2018-04-18 14:35:00 Info: job MuteUnmute, id 122 (pid 22428)
2018-04-18 14:36:40 Info: job MuteUnmute, id 123 (pid 22428)
2018-04-18 14:36:41 Info: job MuteUnmute, id 124 (pid 22428)
2018-04-18 14:36:41 Info: job MuteUnmute, id 125 (pid 22428)
2018-04-18 14:36:41 Info: job MuteUnmute, id 126 (pid 22428)
2018-04-18 14:36:41 Info: job MuteUnmute, id 127 (pid 22428)
2018-04-18 14:36:41 Info: job MuteUnmute, id 128 (pid 22428)
2018-04-18 14:36:41 Info: job Notification, id 129 (pid 22428)
2018-04-18 14:36:43 Info: job MuteUnmute, id 130 (pid 22428)
2018-04-18 14:38:00 Info: job MuteUnmute, id 131 (pid 22709)
2018-04-18 14:38:00 Info: job MuteUnmute, id 132 (pid 22709)
2018-04-18 14:38:00 Info: job MuteUnmute, id 133 (pid 22709)
2018-04-18 14:38:00 Info: job MuteUnmute, id 134 (pid 22709)
2018-04-18 14:38:00 Info: job MuteUnmute, id 135 (pid 22709)
2018-04-18 14:38:00 Info: job MuteUnmute, id 136 (pid 22709)
2018-04-18 14:38:00 Info: job MuteUnmute, id 137 (pid 22709)
2018-04-18 14:38:00 Info: job Notification, id 138 (pid 22709)
2018-04-18 14:38:02 Info: job MuteUnmute, id 139 (pid 22709)
2018-04-18 15:12:14 Info: job Delete, id 212 (pid 25026)
2018-04-18 15:12:15 Info: job Notification, id 213 (pid 25026)
2018-04-18 15:24:01 Info: job Delete, id 214 (pid 25476)
2018-04-18 15:24:01 Info: job Notification, id 215 (pid 25476)
2018-04-18 15:24:02 Info: job Notification, id 215 failed and requeued (pid 25476)
2018-04-18 15:24:02 Info: job Notification, id 216 (pid 25476)
2018-04-18 15:24:03 Info: job Notification, id 216 failed and requeued (pid 25476)
2018-04-18 15:24:03 Info: job Notification, id 217 (pid 25476)
2018-04-18 15:24:04 Info: job Notification, id 217 failed and requeued (pid 25476)
2018-04-18 15:24:04 Info: job Notification, id 218 (pid 25476)
2018-04-18 15:24:06 Info: job Notification, id 218 failed and requeued (pid 25476)
2018-04-18 15:24:06 Info: job Notification, id 219 (pid 25476)
2018-04-18 15:24:07 Info: job Notification, id 219 failed and requeued (pid 25476)
2018-04-18 15:24:07 Info: job Notification, id 220 (pid 25476)
2018-04-18 15:24:09 Info: job Notification, id 221 (pid 25476)
2018-04-18 15:24:11 Info: job Notification, id 221 failed and requeued (pid 25476)
2018-04-18 15:24:31 Info: job Notification, id 215 (pid 25476)
2018-04-18 15:24:32 Info: job Notification, id 215 failed and aborted (pid 25476)
2018-04-18 15:24:32 Info: job Notification, id 216 (pid 25476)
2018-04-18 15:24:33 Info: job Notification, id 216 failed and aborted (pid 25476)
2018-04-18 15:24:33 Info: job Notification, id 217 (pid 25476)
2018-04-18 15:24:34 Info: job Notification, id 217 failed and aborted (pid 25476)
2018-04-18 15:24:34 Info: job Notification, id 218 (pid 25476)
2018-04-18 15:24:35 Info: job Notification, id 218 failed and aborted (pid 25476)
2018-04-18 15:24:35 Info: job Notification, id 219 (pid 25476)
2018-04-18 15:24:36 Info: job Notification, id 219 failed and aborted (pid 25476)
2018-04-18 15:24:36 Info: job Notification, id 221 (pid 25476)
2018-04-18 15:24:38 Info: job Notification, id 221 failed and aborted (pid 25476)
2018-04-18 15:26:54 Info: job Delete, id 222 (pid 25703)
2018-04-18 15:26:54 Info: job Notification, id 223 (pid 25703)
